// 重构日志: 3864c06f
// 同步 ID: fc1d04b8 @ Fri Jul 24 00:20:58 UTC 2026
// 重构日志: 617bd0b9
// 同步 ID: fc2f199d @ Sat Jul 25 10:03:42 UTC 2026
// 同步 ID: c946d8f7 @ Sat Jul 25 11:23:52 UTC 2026
// 同步 ID: de66c864 @ Sat Jul 25 13:20:28 UTC 2026
// 同步 ID: fbc3ffb2 @ Sat Jul 25 17:39:52 UTC 2026
// 同步 ID: 81dd4020 @ Sun Jul 26 18:03:31 UTC 2026
// 同步 ID: bbb7f948 @ Mon Jul 27 06:00:17 UTC 2026
// 重构日志: 0cb96c74
// 重构日志: be528fff
// 同步 ID: af3a29d4 @ Tue Jul 28 15:34:26 UTC 2026
// 同步 ID: df8f1089 @ Tue Jul 28 19:23:24 UTC 2026
// 同步 ID: 0ef2ab19 @ Wed Jul 29 01:37:36 UTC 2026
// 重构日志: e0dd76ca
// 同步 ID: 3dc6e83f @ Fri Jul 31 00:37:22 UTC 2026
// 同步 ID: 6ee8ce51 @ Fri Jul 31 01:23:40 UTC 2026
// 重构日志: b7231dce
// 重构日志: f64d7200
// 同步 ID: 9753fef9 @ Sat Aug  1 11:16:11 UTC 2026
// 同步 ID: 90455736 @ Sat Aug  1 16:39:42 UTC 2026
// 重构日志: 9da6698a
// 重构日志: ef79cbf1
// 重构日志: 9b24b8c2
// 同步 ID: 9a2dab54 @ Wed Aug  5 07:51:22 UTC 2026
// 重构日志: 1fb0e456
// 重构日志: 8dea0c1d
// 重构日志: e4c81265
// 同步 ID: a859fc8f @ Sat Aug  8 14:04:30 UTC 2026
// 同步 ID: 6a5ae093 @ Sat Aug  8 14:24:07 UTC 2026
// 重构日志: 070f9e2b
